// Jest Snapshot v1, https://goo.gl/fbAQLP

exports[`Read component renders a .Read by default 1`] = `
<div
  className="readOnlyDraftlings"
>
  <section
    className="placeholderForSelectedDraftling"
  >
    <p>
      Placeholder for read only version of selected Draftling...
    </p>
    <Link
      to="/choosecritique"
    >
      <button
        type="submit"
      >
        Write a critique
      </button>
    </Link>
  </section>
</div>
`;
