// Jest Snapshot v1, https://goo.gl/fbAQLP

exports[`Dash component renders a .Dash by default 1`] = `
<div
  className="draftlingDeskPage"
>
  <div
    className="deskHero"
  >
    <h1
      className="myDesk"
    >
      My Draftlings Desk
    </h1>
    <br />
    <br />
  </div>
  <br />
  <br />
  <br />
  <h2
    className="start"
  >
    Let's get started!
  </h2>
  <p>
    Welcome to your desk, your own personal workspace at Draftling. 
    <br />
    Here you can create a brand new draftling, or view your existing draftlings to edit or publish to the Draftling database.
  </p>
  <br />
  <br />
  <Link
    to="/postdraftling"
  >
    <button
      className="postNew"
      type="submit"
    >
      Post New Draftling
    </button>
  </Link>
  <Link
    to="/mydraftlings"
  >
    <button
      className="viewMyDraftlings"
      type="submit"
    >
      View My Draftlings
    </button>
  </Link>
</div>
`;
